============================= test session starts =============================
platform win32 -- Python 3.13.12, pytest-8.1.1, pluggy-1.6.0 -- C:\Users\sanik\AppData\Local\Microsoft\WindowsApps\PythonSoftwareFoundation.Python.3.13_qbz5n2kfra8p0\python.exe
cachedir: .pytest_cache
rootdir: D:\6th sem\Smart-Biometric-Attendance-System\Student-Attendance-System
plugins: anyio-4.12.1, asyncio-0.23.6, base-url-2.1.0, playwright-0.4.4
asyncio: mode=Mode.STRICT
collecting ... collected 12 items

tests/e2e/test_attendance_logic.py::test_attendance_biometric_punch_sync[chromium] FAILED [  8%]
tests/e2e/test_attendance_logic.py::test_duplicate_punch_filtering[chromium] FAILED [ 16%]
tests/e2e/test_auth.py::test_admin_login_valid[chromium] PASSED          [ 25%]
tests/e2e/test_auth.py::test_admin_login_invalid[chromium] FAILED        [ 33%]
tests/e2e/test_auth.py::test_admin_login_empty[chromium] PASSED          [ 41%]
tests/e2e/test_hardware_sync.py::test_hardware_connection_success[chromium] PASSED [ 50%]
tests/e2e/test_hardware_sync.py::test_hardware_connection_timeout_or_offline[chromium] FAILED [ 58%]
tests/e2e/test_hardware_sync.py::test_hardware_wipe_success[chromium] PASSED [ 66%]
tests/e2e/test_hardware_sync.py::test_hardware_wipe_blocked_offline[chromium] PASSED [ 75%]
tests/e2e/test_students_e2e.py::test_student_registration_success[chromium] FAILED [ 83%]
tests/e2e/test_students_e2e.py::test_student_duplicate_zk_id[chromium] FAILED [ 91%]
tests/e2e/test_students_e2e.py::test_student_invalid_empty_fields[chromium] FAILED [100%]

================================== FAILURES ===================================
_______________ test_attendance_biometric_punch_sync[chromium] ________________
tests\e2e\test_attendance_logic.py:22: in test_attendance_biometric_punch_sync
    students_page.register_student("Alice Bio", "501", "alice@example.com")
tests\pages\students_page.py:20: in register_student
    self.submit_btn.click()
C:\Users\sanik\AppData\Local\Packages\PythonSoftwareFoundation.Python.3.13_qbz5n2kfra8p0\LocalCache\local-packages\Python313\site-packages\playwright\sync_api\_generated.py:15631: in click
    self._sync(
C:\Users\sanik\AppData\Local\Packages\PythonSoftwareFoundation.Python.3.13_qbz5n2kfra8p0\LocalCache\local-packages\Python313\site-packages\playwright\_impl\_locator.py:162: in click
    return await self._frame._click(self._selector, strict=True, **params)
C:\Users\sanik\AppData\Local\Packages\PythonSoftwareFoundation.Python.3.13_qbz5n2kfra8p0\LocalCache\local-packages\Python313\site-packages\playwright\_impl\_frame.py:566: in _click
    await self._channel.send("click", self._timeout, locals_to_params(locals()))
C:\Users\sanik\AppData\Local\Packages\PythonSoftwareFoundation.Python.3.13_qbz5n2kfra8p0\LocalCache\local-packages\Python313\site-packages\playwright\_impl\_connection.py:69: in send
    return await self._connection.wrap_api_call(
C:\Users\sanik\AppData\Local\Packages\PythonSoftwareFoundation.Python.3.13_qbz5n2kfra8p0\LocalCache\local-packages\Python313\site-packages\playwright\_impl\_connection.py:559: in wrap_api_call
    raise rewrite_error(error, f"{parsed_st['apiName']}: {error}") from None
E   playwright._impl._errors.Error: Locator.click: Error: strict mode violation: locator("button[type='submit']") resolved to 2 elements:
E       1) <button type="submit" class="btn-add">Add Student</button> aka get_by_role("button", name="Add Student")
E       2) <button type="submit" class="btn-add">Save Changes</button> aka get_by_text("Save Changes")
E   
E   Call log:
E     - waiting for locator("button[type='submit']")
---------------------------- Captured stdout setup ----------------------------
2026-04-08 22:51:44 [info     ] Started polling ZKTeco background thread every 10s
2026-04-08 22:51:44 [error    ] Error polling ZKTeco: Server unreachable
2026-04-08 22:51:44 [info     ] Started time-bound Absence worker.
---------------------------- Captured stdout call -----------------------------
2026-04-08 22:51:54 [error    ] Error polling ZKTeco: Server unreachable
__________________ test_duplicate_punch_filtering[chromium] ___________________
tests\e2e\test_attendance_logic.py:50: in test_duplicate_punch_filtering
    students_page.register_student("Bob Double", "502", "bob@ex.com")
tests\pages\students_page.py:20: in register_student
    self.submit_btn.click()
C:\Users\sanik\AppData\Local\Packages\PythonSoftwareFoundation.Python.3.13_qbz5n2kfra8p0\LocalCache\local-packages\Python313\site-packages\playwright\sync_api\_generated.py:15631: in click
    self._sync(
C:\Users\sanik\AppData\Local\Packages\PythonSoftwareFoundation.Python.3.13_qbz5n2kfra8p0\LocalCache\local-packages\Python313\site-packages\playwright\_impl\_locator.py:162: in click
    return await self._frame._click(self._selector, strict=True, **params)
C:\Users\sanik\AppData\Local\Packages\PythonSoftwareFoundation.Python.3.13_qbz5n2kfra8p0\LocalCache\local-packages\Python313\site-packages\playwright\_impl\_frame.py:566: in _click
    await self._channel.send("click", self._timeout, locals_to_params(locals()))
C:\Users\sanik\AppData\Local\Packages\PythonSoftwareFoundation.Python.3.13_qbz5n2kfra8p0\LocalCache\local-packages\Python313\site-packages\playwright\_impl\_connection.py:69: in send
    return await self._connection.wrap_api_call(
C:\Users\sanik\AppData\Local\Packages\PythonSoftwareFoundation.Python.3.13_qbz5n2kfra8p0\LocalCache\local-packages\Python313\site-packages\playwright\_impl\_connection.py:559: in wrap_api_call
    raise rewrite_error(error, f"{parsed_st['apiName']}: {error}") from None
E   playwright._impl._errors.Error: Locator.click: Error: strict mode violation: locator("button[type='submit']") resolved to 2 elements:
E       1) <button type="submit" class="btn-add">Add Student</button> aka get_by_role("button", name="Add Student")
E       2) <button type="submit" class="btn-add">Save Changes</button> aka get_by_text("Save Changes")
E   
E   Call log:
E     - waiting for locator("button[type='submit']")
_____________________ test_admin_login_invalid[chromium] ______________________
tests\e2e\test_auth.py:23: in test_admin_login_invalid
    expect(login_page.error_toast).to_contain_text("Invalid username or password")
E   AssertionError: Locator expected to contain text 'Invalid username or password'
E   Actual value: None
E   Error: element(s) not found 
E   Call log:
E     - Expect "to_contain_text" with timeout 5000ms
E     - waiting for locator("#toast-container")
---------------------------- Captured stdout call -----------------------------
2026-04-08 22:52:04 [error    ] Error polling ZKTeco: Server unreachable
____________ test_hardware_connection_timeout_or_offline[chromium] ____________
tests\e2e\test_hardware_sync.py:30: in test_hardware_connection_timeout_or_offline
    expect(logged_in_settings_page.toast).to_contain_text("Failed to connect")
E   AssertionError: Locator expected to contain text 'Failed to connect'
E   Actual value: Connection successful! Device is reachable. 
E   Call log:
E     - Expect "to_contain_text" with timeout 5000ms
E     - waiting for locator("#toast-container")
E       7 ╫ locator resolved to <div id="toast-container" class="toast show success">Connection successful! Device is reachable.</div>
E         - unexpected value "Connection successful! Device is reachable."
E       2 ╫ locator resolved to <div class="toast" id="toast-container">Connection successful! Device is reachable.</div>
E         - unexpected value "Connection successful! Device is reachable."
_________________ test_student_registration_success[chromium] _________________
tests\e2e\test_students_e2e.py:19: in test_student_registration_success
    expect(logged_in_students_page.student_rows).to_have_count(0)
E   AssertionError: Locator expected to have count '0'
E   Actual value: 11 
E   Call log:
E     - Expect "to_have_count" with timeout 5000ms
E     - waiting for locator("#student-table-body tr")
E       9 ╫ locator resolved to 11 elements
E         - unexpected value "11"
___________________ test_student_duplicate_zk_id[chromium] ____________________
tests\e2e\test_students_e2e.py:30: in test_student_duplicate_zk_id
    logged_in_students_page.register_student("First Student", "999", "parent1@test.com")
tests\pages\students_page.py:20: in register_student
    self.submit_btn.click()
C:\Users\sanik\AppData\Local\Packages\PythonSoftwareFoundation.Python.3.13_qbz5n2kfra8p0\LocalCache\local-packages\Python313\site-packages\playwright\sync_api\_generated.py:15631: in click
    self._sync(
C:\Users\sanik\AppData\Local\Packages\PythonSoftwareFoundation.Python.3.13_qbz5n2kfra8p0\LocalCache\local-packages\Python313\site-packages\playwright\_impl\_locator.py:162: in click
    return await self._frame._click(self._selector, strict=True, **params)
C:\Users\sanik\AppData\Local\Packages\PythonSoftwareFoundation.Python.3.13_qbz5n2kfra8p0\LocalCache\local-packages\Python313\site-packages\playwright\_impl\_frame.py:566: in _click
    await self._channel.send("click", self._timeout, locals_to_params(locals()))
C:\Users\sanik\AppData\Local\Packages\PythonSoftwareFoundation.Python.3.13_qbz5n2kfra8p0\LocalCache\local-packages\Python313\site-packages\playwright\_impl\_connection.py:69: in send
    return await self._connection.wrap_api_call(
C:\Users\sanik\AppData\Local\Packages\PythonSoftwareFoundation.Python.3.13_qbz5n2kfra8p0\LocalCache\local-packages\Python313\site-packages\playwright\_impl\_connection.py:559: in wrap_api_call
    raise rewrite_error(error, f"{parsed_st['apiName']}: {error}") from None
E   playwright._impl._errors.Error: Locator.click: Error: strict mode violation: locator("button[type='submit']") resolved to 2 elements:
E       1) <button type="submit" class="btn-add">Add Student</button> aka get_by_role("button", name="Add Student")
E       2) <button type="submit" class="btn-add">Save Changes</button> aka get_by_text("Save Changes")
E   
E   Call log:
E     - waiting for locator("button[type='submit']")
_________________ test_student_invalid_empty_fields[chromium] _________________
tests\e2e\test_students_e2e.py:44: in test_student_invalid_empty_fields
    logged_in_students_page.register_student("", "", "")
tests\pages\students_page.py:20: in register_student
    self.submit_btn.click()
C:\Users\sanik\AppData\Local\Packages\PythonSoftwareFoundation.Python.3.13_qbz5n2kfra8p0\LocalCache\local-packages\Python313\site-packages\playwright\sync_api\_generated.py:15631: in click
    self._sync(
C:\Users\sanik\AppData\Local\Packages\PythonSoftwareFoundation.Python.3.13_qbz5n2kfra8p0\LocalCache\local-packages\Python313\site-packages\playwright\_impl\_locator.py:162: in click
    return await self._frame._click(self._selector, strict=True, **params)
C:\Users\sanik\AppData\Local\Packages\PythonSoftwareFoundation.Python.3.13_qbz5n2kfra8p0\LocalCache\local-packages\Python313\site-packages\playwright\_impl\_frame.py:566: in _click
    await self._channel.send("click", self._timeout, locals_to_params(locals()))
C:\Users\sanik\AppData\Local\Packages\PythonSoftwareFoundation.Python.3.13_qbz5n2kfra8p0\LocalCache\local-packages\Python313\site-packages\playwright\_impl\_connection.py:69: in send
    return await self._connection.wrap_api_call(
C:\Users\sanik\AppData\Local\Packages\PythonSoftwareFoundation.Python.3.13_qbz5n2kfra8p0\LocalCache\local-packages\Python313\site-packages\playwright\_impl\_connection.py:559: in wrap_api_call
    raise rewrite_error(error, f"{parsed_st['apiName']}: {error}") from None
E   playwright._impl._errors.Error: Locator.click: Error: strict mode violation: locator("button[type='submit']") resolved to 2 elements:
E       1) <button type="submit" class="btn-add">Add Student</button> aka get_by_role("button", name="Add Student")
E       2) <button type="submit" class="btn-add">Save Changes</button> aka get_by_text("Save Changes")
E   
E   Call log:
E     - waiting for locator("button[type='submit']")
-------------------------- Captured stdout teardown ---------------------------
2026-04-08 22:52:34 [error    ] Error polling ZKTeco: Server unreachable
============================== warnings summary ===============================
tests/e2e/test_attendance_logic.py::test_attendance_biometric_punch_sync[chromium]
  D:\6th sem\Smart-Biometric-Attendance-System\Student-Attendance-System\python_app\routers\students.py:16: PydanticDeprecatedSince20: Support for class-based `config` is deprecated, use ConfigDict instead. Deprecated in Pydantic V2.0 to be removed in V3.0. See Pydantic V2 Migration Guide at https://errors.pydantic.dev/2.12/migration/
    class StudentRead(StudentCreate):

tests/e2e/test_attendance_logic.py::test_attendance_biometric_punch_sync[chromium]
  D:\6th sem\Smart-Biometric-Attendance-System\Student-Attendance-System\python_app\routers\attendance.py:12: PydanticDeprecatedSince20: Support for class-based `config` is deprecated, use ConfigDict instead. Deprecated in Pydantic V2.0 to be removed in V3.0. See Pydantic V2 Migration Guide at https://errors.pydantic.dev/2.12/migration/
    class AttendanceRead(BaseModel):

tests/e2e/test_attendance_logic.py::test_attendance_biometric_punch_sync[chromium]
  D:\6th sem\Smart-Biometric-Attendance-System\Student-Attendance-System\python_app\routers\settings.py:17: PydanticDeprecatedSince20: Support for class-based `config` is deprecated, use ConfigDict instead. Deprecated in Pydantic V2.0 to be removed in V3.0. See Pydantic V2 Migration Guide at https://errors.pydantic.dev/2.12/migration/
    class SettingsRead(BaseModel):

tests/e2e/test_attendance_logic.py::test_attendance_biometric_punch_sync[chromium]
  D:\6th sem\Smart-Biometric-Attendance-System\Student-Attendance-System\python_app\main.py:21: DeprecationWarning: 
          on_event is deprecated, use lifespan event handlers instead.
  
          Read more about it in the
          [FastAPI docs for Lifespan Events](https://fastapi.tiangolo.com/advanced/events/).
          
    @app.on_event("startup")

tests/e2e/test_attendance_logic.py::test_attendance_biometric_punch_sync[chromium]
tests/e2e/test_attendance_logic.py::test_attendance_biometric_punch_sync[chromium]
  C:\Users\sanik\AppData\Local\Packages\PythonSoftwareFoundation.Python.3.13_qbz5n2kfra8p0\LocalCache\local-packages\Python313\site-packages\fastapi\applications.py:4599: DeprecationWarning: 
          on_event is deprecated, use lifespan event handlers instead.
  
          Read more about it in the
          [FastAPI docs for Lifespan Events](https://fastapi.tiangolo.com/advanced/events/).
          
    return self.router.on_event(event_type)

tests/e2e/test_attendance_logic.py::test_attendance_biometric_punch_sync[chromium]
  D:\6th sem\Smart-Biometric-Attendance-System\Student-Attendance-System\python_app\main.py:28: DeprecationWarning: 
          on_event is deprecated, use lifespan event handlers instead.
  
          Read more about it in the
          [FastAPI docs for Lifespan Events](https://fastapi.tiangolo.com/advanced/events/).
          
    @app.on_event("shutdown")

-- Docs: https://docs.pytest.org/en/stable/how-to/capture-warnings.html
=========================== short test summary info ===========================
FAILED tests/e2e/test_attendance_logic.py::test_attendance_biometric_punch_sync[chromium]
FAILED tests/e2e/test_attendance_logic.py::test_duplicate_punch_filtering[chromium]
FAILED tests/e2e/test_auth.py::test_admin_login_invalid[chromium] - Assertion...
FAILED tests/e2e/test_hardware_sync.py::test_hardware_connection_timeout_or_offline[chromium]
FAILED tests/e2e/test_students_e2e.py::test_student_registration_success[chromium]
FAILED tests/e2e/test_students_e2e.py::test_student_duplicate_zk_id[chromium]
FAILED tests/e2e/test_students_e2e.py::test_student_invalid_empty_fields[chromium]
================== 7 failed, 5 passed, 7 warnings in 52.28s ===================
